Archive member included to satisfy reference by file (symbol)

/opt/Atollic_TrueSTUDIO_for_STM32_x86_64_9.3.0/ARMTools/bin/../lib/gcc/arm-atollic-eabi/6.3.1/../../../../arm-atollic-eabi/lib/armv7e-m/fpu/libc_nano.a(lib_a-errno.o)
                              Src/syscalls.o (__errno)
/opt/Atollic_TrueSTUDIO_for_STM32_x86_64_9.3.0/ARMTools/bin/../lib/gcc/arm-atollic-eabi/6.3.1/../../../../arm-atollic-eabi/lib/armv7e-m/fpu/libc_nano.a(lib_a-impure.o)
                              /opt/Atollic_TrueSTUDIO_for_STM32_x86_64_9.3.0/ARMTools/bin/../lib/gcc/arm-atollic-eabi/6.3.1/../../../../arm-atollic-eabi/lib/armv7e-m/fpu/libc_nano.a(lib_a-errno.o) (_impure_ptr)
/opt/Atollic_TrueSTUDIO_for_STM32_x86_64_9.3.0/ARMTools/bin/../lib/gcc/arm-atollic-eabi/6.3.1/../../../../arm-atollic-eabi/lib/armv7e-m/fpu/libc_nano.a(lib_a-init.o)
                              startup/startup_stm32l4a6xx.o (__libc_init_array)
/opt/Atollic_TrueSTUDIO_for_STM32_x86_64_9.3.0/ARMTools/bin/../lib/gcc/arm-atollic-eabi/6.3.1/../../../../arm-atollic-eabi/lib/armv7e-m/fpu/libc_nano.a(lib_a-memcpy-stub.o)
                              Middlewares/Third_Party/FreeRTOS/Source/queue.o (memcpy)
/opt/Atollic_TrueSTUDIO_for_STM32_x86_64_9.3.0/ARMTools/bin/../lib/gcc/arm-atollic-eabi/6.3.1/../../../../arm-atollic-eabi/lib/armv7e-m/fpu/libc_nano.a(lib_a-memset.o)
                              Middlewares/Third_Party/FreeRTOS/Source/CMSIS_RTOS/cmsis_os.o (memset)
/opt/Atollic_TrueSTUDIO_for_STM32_x86_64_9.3.0/ARMTools/bin/../lib/gcc/arm-atollic-eabi/6.3.1/armv7e-m/fpu/libgcc.a(_aeabi_uldivmod.o)
                              Drivers/STM32L4xx_HAL_Driver/Src/stm32l4xx_hal_uart.o (__aeabi_uldivmod)
/opt/Atollic_TrueSTUDIO_for_STM32_x86_64_9.3.0/ARMTools/bin/../lib/gcc/arm-atollic-eabi/6.3.1/armv7e-m/fpu/libgcc.a(_udivmoddi4.o)
                              /opt/Atollic_TrueSTUDIO_for_STM32_x86_64_9.3.0/ARMTools/bin/../lib/gcc/arm-atollic-eabi/6.3.1/armv7e-m/fpu/libgcc.a(_aeabi_uldivmod.o) (__udivmoddi4)
/opt/Atollic_TrueSTUDIO_for_STM32_x86_64_9.3.0/ARMTools/bin/../lib/gcc/arm-atollic-eabi/6.3.1/armv7e-m/fpu/libgcc.a(_dvmd_tls.o)
                              /opt/Atollic_TrueSTUDIO_for_STM32_x86_64_9.3.0/ARMTools/bin/../lib/gcc/arm-atollic-eabi/6.3.1/armv7e-m/fpu/libgcc.a(_aeabi_uldivmod.o) (__aeabi_ldiv0)

Allocating common symbols
Common symbol       size              file

defaultTaskHandle   0x4               Src/freertos.o
hspi2               0x64              Src/spi.o
hcrc                0x24              Src/crc.o
uwTick              0x4               Drivers/STM32L4xx_HAL_Driver/Src/stm32l4xx_hal.o
xQueueRegistry      0x40              Middlewares/Third_Party/FreeRTOS/Source/queue.o
switchStateTaskHandle
                    0x4               Src/freertos.o
hspi1               0x64              Src/spi.o
huart2              0x80              Src/usart.o

Discarded input sections

 .text          0x0000000000000000        0x0 /opt/Atollic_TrueSTUDIO_for_STM32_x86_64_9.3.0/ARMTools/bin/../lib/gcc/arm-atollic-eabi/6.3.1/armv7e-m/fpu/crti.o
 .data          0x0000000000000000        0x0 /opt/Atollic_TrueSTUDIO_for_STM32_x86_64_9.3.0/ARMTools/bin/../lib/gcc/arm-atollic-eabi/6.3.1/armv7e-m/fpu/crti.o
 .bss           0x0000000000000000        0x0 /opt/Atollic_TrueSTUDIO_for_STM32_x86_64_9.3.0/ARMTools/bin/../lib/gcc/arm-atollic-eabi/6.3.1/armv7e-m/fpu/crti.o
 .data          0x0000000000000000        0x4 /opt/Atollic_TrueSTUDIO_for_STM32_x86_64_9.3.0/ARMTools/bin/../lib/gcc/arm-atollic-eabi/6.3.1/armv7e-m/fpu/crtbegin.o
 .text          0x0000000000000000        0x0 Drivers/STM32L4xx_HAL_Driver/Src/stm32l4xx_hal.o
 .data          0x0000000000000000        0x0 Drivers/STM32L4xx_HAL_Driver/Src/stm32l4xx_hal.o
 .bss           0x0000000000000000        0x0 Drivers/STM32L4xx_HAL_Driver/Src/stm32l4xx_hal.o
 .text.HAL_DeInit
                0x0000000000000000       0x58 Drivers/STM32L4xx_HAL_Driver/Src/stm32l4xx_hal.o
 .text.HAL_MspInit
                0x0000000000000000        0xe Drivers/STM32L4xx_HAL_Driver/Src/stm32l4xx_hal.o
 .text.HAL_MspDeInit
                0x0000000000000000        0xe Drivers/STM32L4xx_HAL_Driver/Src/stm32l4xx_hal.o
 .text.HAL_GetTickPrio
                0x0000000000000000       0x18 Drivers/STM32L4xx_HAL_Driver/Src/stm32l4xx_hal.o
 .text.HAL_SetTickFreq
                0x0000000000000000       0x44 Drivers/STM32L4xx_HAL_Driver/Src/stm32l4xx_hal.o
 .text.HAL_GetTickFreq
                0x0000000000000000       0x18 Drivers/STM32L4xx_HAL_Driver/Src/stm32l4xx_hal.o
 .text.HAL_Delay
                0x0000000000000000       0x44 Drivers/STM32L4xx_HAL_Driver/Src/stm32l4xx_hal.o
 .text.HAL_SuspendTick
                0x0000000000000000       0x20 Drivers/STM32L4xx_HAL_Driver/Src/stm32l4xx_hal.o
 .text.HAL_ResumeTick
                0x0000000000000000       0x20 Drivers/STM32L4xx_HAL_Driver/Src/stm32l4xx_hal.o
 .text.HAL_GetHalVersion
                0x0000000000000000       0x12 Drivers/STM32L4xx_HAL_Driver/Src/stm32l4xx_hal.o
[...]
Memory Configuration

Name             Origin             Length             Attributes
RAM              0x0000000020000000 0x0000000000050000 xrw
FLASH            0x0000000008000000 0x0000000000100000 xr
*default*        0x0000000000000000 0xffffffffffffffff

Linker script and memory map

LOAD /opt/Atollic_TrueSTUDIO_for_STM32_x86_64_9.3.0/ARMTools/bin/../lib/gcc/arm-atollic-eabi/6.3.1/armv7e-m/fpu/crti.o
LOAD /opt/Atollic_TrueSTUDIO_for_STM32_x86_64_9.3.0/ARMTools/bin/../lib/gcc/arm-atollic-eabi/6.3.1/armv7e-m/fpu/crtbegin.o
LOAD Drivers/STM32L4xx_HAL_Driver/Src/stm32l4xx_hal.o
LOAD Drivers/STM32L4xx_HAL_Driver/Src/stm32l4xx_hal_cortex.o
LOAD Drivers/STM32L4xx_HAL_Driver/Src/stm32l4xx_hal_crc.o
LOAD Drivers/STM32L4xx_HAL_Driver/Src/stm32l4xx_hal_crc_ex.o
LOAD Drivers/STM32L4xx_HAL_Driver/Src/stm32l4xx_hal_dma.o
LOAD Drivers/STM32L4xx_HAL_Driver/Src/stm32l4xx_hal_dma_ex.o
LOAD Drivers/STM32L4xx_HAL_Driver/Src/stm32l4xx_hal_exti.o
LOAD Drivers/STM32L4xx_HAL_Driver/Src/stm32l4xx_hal_flash.o
LOAD Drivers/STM32L4xx_HAL_Driver/Src/stm32l4xx_hal_flash_ex.o
LOAD Drivers/STM32L4xx_HAL_Driver/Src/stm32l4xx_hal_flash_ramfunc.o
LOAD Drivers/STM32L4xx_HAL_Driver/Src/stm32l4xx_hal_gpio.o
LOAD Drivers/STM32L4xx_HAL_Driver/Src/stm32l4xx_hal_i2c.o
LOAD Drivers/STM32L4xx_HAL_Driver/Src/stm32l4xx_hal_i2c_ex.o
LOAD Drivers/STM32L4xx_HAL_Driver/Src/stm32l4xx_hal_pwr.o
LOAD Drivers/STM32L4xx_HAL_Driver/Src/stm32l4xx_hal_pwr_ex.o
LOAD Drivers/STM32L4xx_HAL_Driver/Src/stm32l4xx_hal_rcc.o
LOAD Drivers/STM32L4xx_HAL_Driver/Src/stm32l4xx_hal_rcc_ex.o
LOAD Drivers/STM32L4xx_HAL_Driver/Src/stm32l4xx_hal_spi.o
LOAD Drivers/STM32L4xx_HAL_Driver/Src/stm32l4xx_hal_spi_ex.o
LOAD Drivers/STM32L4xx_HAL_Driver/Src/stm32l4xx_hal_tim.o
LOAD Drivers/STM32L4xx_HAL_Driver/Src/stm32l4xx_hal_tim_ex.o
LOAD Drivers/STM32L4xx_HAL_Driver/Src/stm32l4xx_hal_uart.o
LOAD Drivers/STM32L4xx_HAL_Driver/Src/stm32l4xx_hal_uart_ex.o
LOAD Middlewares/Third_Party/FreeRTOS/Source/CMSIS_RTOS/cmsis_os.o
LOAD Middlewares/Third_Party/FreeRTOS/Source/croutine.o
LOAD Middlewares/Third_Party/FreeRTOS/Source/event_groups.o
LOAD Middlewares/Third_Party/FreeRTOS/Source/list.o
LOAD Middlewares/Third_Party/FreeRTOS/Source/portable/GCC/ARM_CM4F/port.o
LOAD Middlewares/Third_Party/FreeRTOS/Source/portable/MemMang/heap_4.o
LOAD Middlewares/Third_Party/FreeRTOS/Source/queue.o
LOAD Middlewares/Third_Party/FreeRTOS/Source/stream_buffer.o
LOAD Middlewares/Third_Party/FreeRTOS/Source/tasks.o
LOAD Middlewares/Third_Party/FreeRTOS/Source/timers.o
LOAD Src/crc.o
LOAD Src/freertos.o
LOAD Src/gpio.o
LOAD Src/main.o
LOAD Src/serializer.o
LOAD Src/spi.o
LOAD Src/stm32l4xx_hal_msp.o
LOAD Src/stm32l4xx_it.o
LOAD Src/switchStates.o
LOAD Src/syscalls.o
LOAD Src/system_stm32l4xx.o
LOAD Src/usart.o
LOAD startup/startup_stm32l4a6xx.o
                0x0000000000000080                malloc_getpagesize_P = 0x80
START GROUP
LOAD /opt/Atollic_TrueSTUDIO_for_STM32_x86_64_9.3.0/ARMTools/bin/../lib/gcc/arm-atollic-eabi/6.3.1/../../../../arm-atollic-eabi/lib/armv7e-m/fpu/libc_nano.a
LOAD /opt/Atollic_TrueSTUDIO_for_STM32_x86_64_9.3.0/ARMTools/bin/../lib/gcc/arm-atollic-eabi/6.3.1/../../../../arm-atollic-eabi/lib/armv7e-m/fpu/libm.a
END GROUP
START GROUP
LOAD /opt/Atollic_TrueSTUDIO_for_STM32_x86_64_9.3.0/ARMTools/bin/../lib/gcc/arm-atollic-eabi/6.3.1/armv7e-m/fpu/libgcc.a
LOAD /opt/Atollic_TrueSTUDIO_for_STM32_x86_64_9.3.0/ARMTools/bin/../lib/gcc/arm-atollic-eabi/6.3.1/../../../../arm-atollic-eabi/lib/armv7e-m/fpu/libc_nano.a
END GROUP
START GROUP
LOAD /opt/Atollic_TrueSTUDIO_for_STM32_x86_64_9.3.0/ARMTools/bin/../lib/gcc/arm-atollic-eabi/6.3.1/armv7e-m/fpu/libgcc.a
LOAD /opt/Atollic_TrueSTUDIO_for_STM32_x86_64_9.3.0/ARMTools/bin/../lib/gcc/arm-atollic-eabi/6.3.1/../../../../arm-atollic-eabi/lib/armv7e-m/fpu/libc_nano.a
LOAD /opt/Atollic_TrueSTUDIO_for_STM32_x86_64_9.3.0/ARMTools/bin/../lib/gcc/arm-atollic-eabi/6.3.1/../../../../arm-atollic-eabi/lib/armv7e-m/fpu/libnosys.a
END GROUP
START GROUP
LOAD /opt/Atollic_TrueSTUDIO_for_STM32_x86_64_9.3.0/ARMTools/bin/../lib/gcc/arm-atollic-eabi/6.3.1/armv7e-m/fpu/libgcc.a
LOAD /opt/Atollic_TrueSTUDIO_for_STM32_x86_64_9.3.0/ARMTools/bin/../lib/gcc/arm-atollic-eabi/6.3.1/../../../../arm-atollic-eabi/lib/armv7e-m/fpu/libc_nano.a
LOAD /opt/Atollic_TrueSTUDIO_for_STM32_x86_64_9.3.0/ARMTools/bin/../lib/gcc/arm-atollic-eabi/6.3.1/../../../../arm-atollic-eabi/lib/armv7e-m/fpu/libnosys.a
END GROUP
LOAD /opt/Atollic_TrueSTUDIO_for_STM32_x86_64_9.3.0/ARMTools/bin/../lib/gcc/arm-atollic-eabi/6.3.1/armv7e-m/fpu/crtend.o
LOAD /opt/Atollic_TrueSTUDIO_for_STM32_x86_64_9.3.0/ARMTools/bin/../lib/gcc/arm-atollic-eabi/6.3.1/armv7e-m/fpu/crtn.o
                0x0000000020050000                _estack = 0x20050000
                0x0000000000000200                _Min_Heap_Size = 0x200
                0x0000000000000400                _Min_Stack_Size = 0x400

.isr_vector     0x0000000008000000      0x1ac
                0x0000000008000000                . = ALIGN (0x4)
 *(.isr_vector)
 .isr_vector    0x0000000008000000      0x1ac startup/startup_stm32l4a6xx.o
                0x0000000008000000                g_pfnVectors
                0x00000000080001ac                . = ALIGN (0x4)

.text           0x00000000080001b0     0x4950
                0x00000000080001b0                . = ALIGN (0x4)
 *(.text)
 .text          0x00000000080001b0       0x40 /opt/Atollic_TrueSTUDIO_for_STM32_x86_64_9.3.0/ARMTools/bin/../lib/gcc/arm-atollic-eabi/6.3.1/armv7e-m/fpu/crtbegin.o
 .text          0x00000000080001f0       0x30 /opt/Atollic_TrueSTUDIO_for_STM32_x86_64_9.3.0/ARMTools/bin/../lib/gcc/arm-atollic-eabi/6.3.1/armv7e-m/fpu/libgcc.a(_aeabi_uldivmod.o)
                0x00000000080001f0                __aeabi_uldivmod
 .text          0x0000000008000220      0x2dc /opt/Atollic_TrueSTUDIO_for_STM32_x86_64_9.3.0/ARMTools/bin/../lib/gcc/arm-atollic-eabi/6.3.1/armv7e-m/fpu/libgcc.a(_udivmoddi4.o)
                0x0000000008000220                __udivmoddi4
 .text          0x00000000080004fc        0x4 /opt/Atollic_TrueSTUDIO_for_STM32_x86_64_9.3.0/ARMTools/bin/../lib/gcc/arm-atollic-eabi/6.3.1/armv7e-m/fpu/libgcc.a(_dvmd_tls.o)
                0x00000000080004fc                __aeabi_ldiv0
                0x00000000080004fc                __aeabi_idiv0
 *(.text*)
 .text.HAL_Init
                0x0000000008000500       0x30 Drivers/STM32L4xx_HAL_Driver/Src/stm32l4xx_hal.o
                0x0000000008000500                HAL_Init
 .text.HAL_InitTick
                0x0000000008000530       0x74 Drivers/STM32L4xx_HAL_Driver/Src/stm32l4xx_hal.o
                0x0000000008000530                HAL_InitTick
 .text.HAL_IncTick
                0x00000000080005a4       0x24 Drivers/STM32L4xx_HAL_Driver/Src/stm32l4xx_hal.o
                0x00000000080005a4                HAL_IncTick
 .text.HAL_GetTick
                0x00000000080005c8       0x18 Drivers/STM32L4xx_HAL_Driver/Src/stm32l4xx_hal.o
                0x00000000080005c8                HAL_GetTick
 .text.__NVIC_SetPriorityGrouping
                0x00000000080005e0       0x48 Drivers/STM32L4xx_HAL_Driver/Src/stm32l4xx_hal_cortex.o
 .text.__NVIC_GetPriorityGrouping
                0x0000000008000628       0x1c Drivers/STM32L4xx_HAL_Driver/Src/stm32l4xx_hal_cortex.o
 .text.__NVIC_SetPriority
                0x0000000008000644       0x54 Drivers/STM32L4xx_HAL_Driver/Src/stm32l4xx_hal_cortex.o
 .text.NVIC_EncodePriority
                0x0000000008000698       0x62 Drivers/STM32L4xx_HAL_Driver/Src/stm32l4xx_hal_cortex.o
 *fill*         0x00000000080006fa        0x2 
 .text.SysTick_Config
                0x00000000080006fc       0x44 Drivers/STM32L4xx_HAL_Driver/Src/stm32l4xx_hal_cortex.o
 .text.HAL_NVIC_SetPriorityGrouping
                0x0000000008000740       0x16 Drivers/STM32L4xx_HAL_Driver/Src/stm32l4xx_hal_cortex.o
                0x0000000008000740                HAL_NVIC_SetPriorityGrouping
 .text.HAL_NVIC_SetPriority
                0x0000000008000756       0x38 Drivers/STM32L4xx_HAL_Driver/Src/stm32l4xx_hal_cortex.o
                0x0000000008000756                HAL_NVIC_SetPriority
 .text.HAL_SYSTICK_Config
                0x000000000800078e       0x18 Drivers/STM32L4xx_HAL_Driver/Src/stm32l4xx_hal_cortex.o
                0x000000000800078e                HAL_SYSTICK_Config
 *fill*         0x00000000080007a6        0x2 
 .text.HAL_CRC_Init
                0x00000000080007a8       0xc8 Drivers/STM32L4xx_HAL_Driver/Src/stm32l4xx_hal_crc.o
                0x00000000080007a8                HAL_CRC_Init
 .text.HAL_CRC_Calculate
                0x0000000008000870       0x92 Drivers/STM32L4xx_HAL_Driver/Src/stm32l4xx_hal_crc.o
                0x0000000008000870                HAL_CRC_Calculate
 .text.CRC_Handle_8
                0x0000000008000902      0x11e Drivers/STM32L4xx_HAL_Driver/Src/stm32l4xx_hal_crc.o
 .text.CRC_Handle_16
                0x0000000008000a20       0x72 Drivers/STM32L4xx_HAL_Driver/Src/stm32l4xx_hal_crc.o
 *fill*         0x0000000008000a92        0x2 
 .text.HAL_CRCEx_Polynomial_Set
                0x0000000008000a94      0x10c Drivers/STM32L4xx_HAL_Driver/Src/stm32l4xx_hal_crc_ex.o
                0x0000000008000a94                HAL_CRCEx_Polynomial_Set
 .text.HAL_GPIO_Init
                0x0000000008000ba0      0x324 Drivers/STM32L4xx_HAL_Driver/Src/stm32l4xx_hal_gpio.o
                0x0000000008000ba0                HAL_GPIO_Init
 .text.HAL_GPIO_ReadPin
                0x0000000008000ec4       0x30 Drivers/STM32L4xx_HAL_Driver/Src/stm32l4xx_hal_gpio.o
                0x0000000008000ec4                HAL_GPIO_ReadPin
 .text.HAL_PWREx_GetVoltageRange
                0x0000000008000ef4       0x1c Drivers/STM32L4xx_HAL_Driver/Src/stm32l4xx_hal_pwr_ex.o
                0x0000000008000ef4                HAL_PWREx_GetVoltageRange
 .text.HAL_PWREx_ControlVoltageScaling
                0x0000000008000f10       0xac Drivers/STM32L4xx_HAL_Driver/Src/stm32l4xx_hal_pwr_ex.o
                0x0000000008000f10                HAL_PWREx_ControlVoltageScaling
 .text.HAL_RCC_OscConfig
                0x0000000008000fbc      0x7dc Drivers/STM32L4xx_HAL_Driver/Src/stm32l4xx_hal_rcc.o
                0x0000000008000fbc                HAL_RCC_OscConfig
 .text.HAL_RCC_ClockConfig
                0x0000000008001798      0x1c4 Drivers/STM32L4xx_HAL_Driver/Src/stm32l4xx_hal_rcc.o
                0x0000000008001798                HAL_RCC_ClockConfig
 .text.HAL_RCC_GetSysClockFreq
                0x000000000800195c      0x114 Drivers/STM32L4xx_HAL_Driver/Src/stm32l4xx_hal_rcc.o
                0x000000000800195c                HAL_RCC_GetSysClockFreq
 .text.HAL_RCC_GetHCLKFreq
                0x0000000008001a70       0x18 Drivers/STM32L4xx_HAL_Driver/Src/stm32l4xx_hal_rcc.o
                0x0000000008001a70                HAL_RCC_GetHCLKFreq
 .text.HAL_RCC_GetPCLK1Freq
                0x0000000008001a88       0x2c Drivers/STM32L4xx_HAL_Driver/Src/stm32l4xx_hal_rcc.o
                0x0000000008001a88                HAL_RCC_GetPCLK1Freq
 .text.HAL_RCC_GetPCLK2Freq
                0x0000000008001ab4       0x2c Drivers/STM32L4xx_HAL_Driver/Src/stm32l4xx_hal_rcc.o
                0x0000000008001ab4                HAL_RCC_GetPCLK2Freq
 .text.RCC_SetFlashLatencyFromMSIRange
                0x0000000008001ae0       0xc0 Drivers/STM32L4xx_HAL_Driver/Src/stm32l4xx_hal_rcc.o
 .text.HAL_RCCEx_PeriphCLKConfig
                0x0000000008001ba0      0x5f0 Drivers/STM32L4xx_HAL_Driver/Src/stm32l4xx_hal_rcc_ex.o
                0x0000000008001ba0                HAL_RCCEx_PeriphCLKConfig
 .text.RCCEx_PLLSAI1_Config
                0x0000000008002190      0x1e0 Drivers/STM32L4xx_HAL_Driver/Src/stm32l4xx_hal_rcc_ex.o
 .text.RCCEx_PLLSAI2_Config
                0x0000000008002370      0x1b4 Drivers/STM32L4xx_HAL_Driver/Src/stm32l4xx_hal_rcc_ex.o
 .text.HAL_SPI_Init
                0x0000000008002524      0x110 Drivers/STM32L4xx_HAL_Driver/Src/stm32l4xx_hal_spi.o
                0x0000000008002524                HAL_SPI_Init
 .text.HAL_UART_Init
                0x0000000008002634       0x9c Drivers/STM32L4xx_HAL_Driver/Src/stm32l4xx_hal_uart.o
                0x0000000008002634                HAL_UART_Init
 .text.HAL_UART_Transmit
                0x00000000080026d0      0x126 Drivers/STM32L4xx_HAL_Driver/Src/stm32l4xx_hal_uart.o
                0x00000000080026d0                HAL_UART_Transmit
 *fill*         0x00000000080027f6        0x2 
 .text.UART_SetConfig
                0x00000000080027f8      0x674 Drivers/STM32L4xx_HAL_Driver/Src/stm32l4xx_hal_uart.o
                0x00000000080027f8                UART_SetConfig
 .text.UART_AdvFeatureConfig
                0x0000000008002e6c      0x144 Drivers/STM32L4xx_HAL_Driver/Src/stm32l4xx_hal_uart.o
                0x0000000008002e6c                UART_AdvFeatureConfig
 .text.UART_CheckIdleState
                0x0000000008002fb0       0x8a Drivers/STM32L4xx_HAL_Driver/Src/stm32l4xx_hal_uart.o
                0x0000000008002fb0                UART_CheckIdleState
 .text.UART_WaitOnFlagUntilTimeout
                0x000000000800303a       0x90 Drivers/STM32L4xx_HAL_Driver/Src/stm32l4xx_hal_uart.o
                0x000000000800303a                UART_WaitOnFlagUntilTimeout
 .text.makeFreeRtosPriority
                0x00000000080030ca       0x30 Middlewares/Third_Party/FreeRTOS/Source/CMSIS_RTOS/cmsis_os.o
 .text.osKernelStart
                0x00000000080030fa        0xe Middlewares/Third_Party/FreeRTOS/Source/CMSIS_RTOS/cmsis_os.o
                0x00000000080030fa                osKernelStart
 .text.osThreadCreate
                0x0000000008003108       0x4e Middlewares/Third_Party/FreeRTOS/Source/CMSIS_RTOS/cmsis_os.o
                0x0000000008003108                osThreadCreate
 .text.osSystickHandler
                0x0000000008003156       0x16 Middlewares/Third_Party/FreeRTOS/Source/CMSIS_RTOS/cmsis_os.o
                0x0000000008003156                osSystickHandler
 .text.osDelayUntil
                0x000000000800316c       0x18 Middlewares/Third_Party/FreeRTOS/Source/CMSIS_RTOS/cmsis_os.o
                0x000000000800316c                osDelayUntil
 .text.vListInitialise
                0x0000000008003184       0x40 Middlewares/Third_Party/FreeRTOS/Source/list.o
                0x0000000008003184                vListInitialise
 .text.vListInitialiseItem
                0x00000000080031c4       0x1a Middlewares/Third_Party/FreeRTOS/Source/list.o
                0x00000000080031c4                vListInitialiseItem
 .text.vListInsertEnd
                0x00000000080031de       0x48 Middlewares/Third_Party/FreeRTOS/Source/list.o
                0x00000000080031de                vListInsertEnd
 .text.uxListRemove
                0x0000000008003226       0x54 Middlewares/Third_Party/FreeRTOS/Source/list.o
                0x0000000008003226                uxListRemove
 *fill*         0x000000000800327a        0x2 
 .text.pxPortInitialiseStack
                0x000000000800327c       0x68 Middlewares/Third_Party/FreeRTOS/Source/portable/GCC/ARM_CM4F/port.o
                0x000000000800327c                pxPortInitialiseStack
 .text.prvTaskExitError
                0x00000000080032e4       0x54 Middlewares/Third_Party/FreeRTOS/Source/portable/GCC/ARM_CM4F/port.o
 *fill*         0x0000000008003338        0x8 
 .text.SVC_Handler
                0x0000000008003340       0x28 Middlewares/Third_Party/FreeRTOS/Source/portable/GCC/ARM_CM4F/port.o
                0x0000000008003340                SVC_Handler
 .text.prvPortStartFirstTask
                0x0000000008003368       0x28 Middlewares/Third_Party/FreeRTOS/Source/portable/GCC/ARM_CM4F/port.o
 .text.xPortStartScheduler
                0x0000000008003390      0x13c Middlewares/Third_Party/FreeRTOS/Source/portable/GCC/ARM_CM4F/port.o
                0x0000000008003390                xPortStartScheduler
 .text.vPortEnterCritical
                0x00000000080034cc       0x5c Middlewares/Third_Party/FreeRTOS/Source/portable/GCC/ARM_CM4F/port.o
                0x00000000080034cc                vPortEnterCritical
 .text.vPortExitCritical
                0x0000000008003528       0x50 Middlewares/Third_Party/FreeRTOS/Source/portable/GCC/ARM_CM4F/port.o
                0x0000000008003528                vPortExitCritical
 *fill*         0x0000000008003578        0x8 
 .text.PendSV_Handler
                0x0000000008003580       0x68 Middlewares/Third_Party/FreeRTOS/Source/portable/GCC/ARM_CM4F/port.o
                0x0000000008003580                PendSV_Handler
 .text.xPortSysTickHandler
                0x00000000080035e8       0x40 Middlewares/Third_Party/FreeRTOS/Source/portable/GCC/ARM_CM4F/port.o
                0x00000000080035e8                xPortSysTickHandler
 .text.vPortSetupTimerInterrupt
                0x0000000008003628       0x48 Middlewares/Third_Party/FreeRTOS/Source/portable/GCC/ARM_CM4F/port.o
                0x0000000008003628                vPortSetupTimerInterrupt
 .text.vPortEnableVFP
                0x0000000008003670       0x14 Middlewares/Third_Party/FreeRTOS/Source/portable/GCC/ARM_CM4F/port.o
 .text.pvPortMalloc
                0x0000000008003684      0x184 Middlewares/Third_Party/FreeRTOS/Source/portable/MemMang/heap_4.o
                0x0000000008003684                pvPortMalloc
 .text.vPortFree
                0x0000000008003808       0xb0 Middlewares/Third_Party/FreeRTOS/Source/portable/MemMang/heap_4.o
                0x0000000008003808                vPortFree
 .text.prvHeapInit
                0x00000000080038b8       0xc4 Middlewares/Third_Party/FreeRTOS/Source/portable/MemMang/heap_4.o
 .text.prvInsertBlockIntoFreeList
                0x000000000800397c       0xb4 Middlewares/Third_Party/FreeRTOS/Source/portable/MemMang/heap_4.o
 .text.xTaskCreate
                0x0000000008003a30       0x82 Middlewares/Third_Party/FreeRTOS/Source/tasks.o
                0x0000000008003a30                xTaskCreate
 .text.prvInitialiseNewTask
                0x0000000008003ab2       0xfc Middlewares/Third_Party/FreeRTOS/Source/tasks.o
 *fill*         0x0000000008003bae        0x2 
 .text.prvAddNewTaskToReadyList
                0x0000000008003bb0       0xd4 Middlewares/Third_Party/FreeRTOS/Source/tasks.o
 .text.vTaskStartScheduler
                0x0000000008003c84       0x8c Middlewares/Third_Party/FreeRTOS/Source/tasks.o
                0x0000000008003c84                vTaskStartScheduler
 .text.vTaskSuspendAll
                0x0000000008003d10       0x1c Middlewares/Third_Party/FreeRTOS/Source/tasks.o
                0x0000000008003d10                vTaskSuspendAll
 .text.xTaskResumeAll
                0x0000000008003d2c      0x138 Middlewares/Third_Party/FreeRTOS/Source/tasks.o
                0x0000000008003d2c                xTaskResumeAll
 .text.xTaskGetTickCount
                0x0000000008003e64       0x20 Middlewares/Third_Party/FreeRTOS/Source/tasks.o
                0x0000000008003e64                xTaskGetTickCount
 .text.xTaskIncrementTick
                0x0000000008003e84      0x178 Middlewares/Third_Party/FreeRTOS/Source/tasks.o
                0x0000000008003e84                xTaskIncrementTick
 .text.vTaskSwitchContext
                0x0000000008003ffc       0xb4 Middlewares/Third_Party/FreeRTOS/Source/tasks.o
                0x0000000008003ffc                vTaskSwitchContext
 .text.prvIdleTask
                0x00000000080040b0       0x30 Middlewares/Third_Party/FreeRTOS/Source/tasks.o
 .text.prvInitialiseTaskLists
                0x00000000080040e0       0x80 Middlewares/Third_Party/FreeRTOS/Source/tasks.o
 .text.prvCheckTasksWaitingTermination
                0x0000000008004160       0x58 Middlewares/Third_Party/FreeRTOS/Source/tasks.o
 .text.prvDeleteTCB
                0x00000000080041b8       0x20 Middlewares/Third_Party/FreeRTOS/Source/tasks.o
 .text.prvResetNextTaskUnblockTime
                0x00000000080041d8       0x4c Middlewares/Third_Party/FreeRTOS/Source/tasks.o
 .text.xTaskGetSchedulerState
                0x0000000008004224       0x3c Middlewares/Third_Party/FreeRTOS/Source/tasks.o
                0x0000000008004224                xTaskGetSchedulerState
 .text.MX_CRC_Init
                0x0000000008004260       0x44 Src/crc.o
                0x0000000008004260                MX_CRC_Init
 .text.HAL_CRC_MspInit
                0x00000000080042a4       0x40 Src/crc.o
                0x00000000080042a4                HAL_CRC_MspInit
 .text.MX_FREERTOS_Init
                0x00000000080042e4       0x34 Src/freertos.o
                0x00000000080042e4                MX_FREERTOS_Init
 .text.getSwitchState
                0x0000000008004318       0x44 Src/freertos.o
                0x0000000008004318                getSwitchState
 .text.MX_GPIO_Init
                0x000000000800435c       0xa4 Src/gpio.o
                0x000000000800435c                MX_GPIO_Init
 .text.main     0x0000000008004400       0x2a Src/main.o
                0x0000000008004400                main
 .text.SystemClock_Config
                0x000000000800442a       0xe4 Src/main.o
                0x000000000800442a                SystemClock_Config
 .text.Error_Handler
                0x000000000800450e        0xe Src/main.o
                0x000000000800450e                Error_Handler
 .text.serializeSwitchStates
                0x000000000800451c       0x74 Src/serializer.o
                0x000000000800451c                serializeSwitchStates
 .text.send_data
                0x0000000008004590       0x28 Src/serializer.o
                0x0000000008004590                send_data
 .text.MX_SPI1_Init
                0x00000000080045b8       0x74 Src/spi.o
                0x00000000080045b8                MX_SPI1_Init
 .text.MX_SPI2_Init
                0x000000000800462c       0x7c Src/spi.o
                0x000000000800462c                MX_SPI2_Init
 .text.HAL_SPI_MspInit
                0x00000000080046a8       0xec Src/spi.o
                0x00000000080046a8                HAL_SPI_MspInit
 .text.HAL_MspInit
                0x0000000008004794       0x50 Src/stm32l4xx_hal_msp.o
                0x0000000008004794                HAL_MspInit
 .text.NMI_Handler
                0x00000000080047e4        0xe Src/stm32l4xx_it.o
                0x00000000080047e4                NMI_Handler
 .text.HardFault_Handler
                0x00000000080047f2        0x6 Src/stm32l4xx_it.o
                0x00000000080047f2                HardFault_Handler
 .text.MemManage_Handler
                0x00000000080047f8        0x6 Src/stm32l4xx_it.o
                0x00000000080047f8                MemManage_Handler
 .text.BusFault_Handler
                0x00000000080047fe        0x6 Src/stm32l4xx_it.o
                0x00000000080047fe                BusFault_Handler
 .text.UsageFault_Handler
                0x0000000008004804        0x6 Src/stm32l4xx_it.o
                0x0000000008004804                UsageFault_Handler
 .text.DebugMon_Handler
                0x000000000800480a        0xe Src/stm32l4xx_it.o
                0x000000000800480a                DebugMon_Handler
 .text.SysTick_Handler
                0x0000000008004818       0x10 Src/stm32l4xx_it.o
                0x0000000008004818                SysTick_Handler
 .text.getSwitchStates
                0x0000000008004828       0xc4 Src/switchStates.o
                0x0000000008004828                getSwitchStates
 .text.SystemInit
                0x00000000080048ec       0x6c Src/system_stm32l4xx.o
                0x00000000080048ec                SystemInit
 .text.MX_USART2_UART_Init
                0x0000000008004958       0x60 Src/usart.o
                0x0000000008004958                MX_USART2_UART_Init
 .text.HAL_UART_MspInit
                0x00000000080049b8       0x84 Src/usart.o
                0x00000000080049b8                HAL_UART_MspInit
 .text.Reset_Handler
                0x0000000008004a3c       0x50 startup/startup_stm32l4a6xx.o
                0x0000000008004a3c                Reset_Handler
 .text.Default_Handler
                0x0000000008004a8c        0x2 startup/startup_stm32l4a6xx.o
                0x0000000008004a8c                RTC_Alarm_IRQHandler
                0x0000000008004a8c                HASH_RNG_IRQHandler
                0x0000000008004a8c                EXTI2_IRQHandler
                0x0000000008004a8c                TIM8_TRG_COM_IRQHandler
                0x0000000008004a8c                TIM8_CC_IRQHandler
                0x0000000008004a8c                TIM1_CC_IRQHandler
                0x0000000008004a8c                TSC_IRQHandler
                0x0000000008004a8c                TAMP_STAMP_IRQHandler
                0x0000000008004a8c                CAN2_RX1_IRQHandler
                0x0000000008004a8c                EXTI3_IRQHandler
                0x0000000008004a8c                LPTIM2_IRQHandler
                0x0000000008004a8c                DFSDM1_FLT1_IRQHandler
                0x0000000008004a8c                I2C3_ER_IRQHandler
                0x0000000008004a8c                DFSDM1_FLT2_IRQHandler
                0x0000000008004a8c                EXTI0_IRQHandler
                0x0000000008004a8c                I2C2_EV_IRQHandler
                0x0000000008004a8c                CAN1_RX0_IRQHandler
                0x0000000008004a8c                FPU_IRQHandler
                0x0000000008004a8c                TIM1_UP_TIM16_IRQHandler
                0x0000000008004a8c                CAN2_SCE_IRQHandler
                0x0000000008004a8c                ADC1_2_IRQHandler
                0x0000000008004a8c                SPI1_IRQHandler
                0x0000000008004a8c                TIM6_DAC_IRQHandler
                0x0000000008004a8c                DCMI_IRQHandler
                0x0000000008004a8c                CAN2_RX0_IRQHandler
                0x0000000008004a8c                TIM8_UP_IRQHandler
                0x0000000008004a8c                DMA2_Channel2_IRQHandler
                0x0000000008004a8c                DMA1_Channel4_IRQHandler
                0x0000000008004a8c                SAI2_IRQHandler
                0x0000000008004a8c                DFSDM1_FLT3_IRQHandler
                0x0000000008004a8c                USART3_IRQHandler
                0x0000000008004a8c                DMA1_Channel7_IRQHandler
                0x0000000008004a8c                CAN1_RX1_IRQHandler
                0x0000000008004a8c                LCD_IRQHandler
                0x0000000008004a8c                UART5_IRQHandler
                0x0000000008004a8c                ADC3_IRQHandler
                0x0000000008004a8c                TIM4_IRQHandler
                0x0000000008004a8c                DMA2_Channel1_IRQHandler
                0x0000000008004a8c                QUADSPI_IRQHandler
                0x0000000008004a8c                I2C1_EV_IRQHandler
                0x0000000008004a8c                DMA1_Channel6_IRQHandler
                0x0000000008004a8c                UART4_IRQHandler
                0x0000000008004a8c                DMA2_Channel4_IRQHandler
                0x0000000008004a8c                TIM3_IRQHandler
                0x0000000008004a8c                RCC_IRQHandler
                0x0000000008004a8c                DMA1_Channel1_IRQHandler
                0x0000000008004a8c                Default_Handler
                0x0000000008004a8c                DMA2_Channel7_IRQHandler
                0x0000000008004a8c                EXTI15_10_IRQHandler
                0x0000000008004a8c                TIM7_IRQHandler
                0x0000000008004a8c                SDMMC1_IRQHandler
                0x0000000008004a8c                CAN2_TX_IRQHandler
                0x0000000008004a8c                TIM5_IRQHandler
                0x0000000008004a8c                I2C3_EV_IRQHandler
                0x0000000008004a8c                EXTI9_5_IRQHandler
                0x0000000008004a8c                RTC_WKUP_IRQHandler
                0x0000000008004a8c                PVD_PVM_IRQHandler
                0x0000000008004a8c                SPI2_IRQHandler
                0x0000000008004a8c                CAN1_TX_IRQHandler
                0x0000000008004a8c                DMA2_Channel5_IRQHandler
                0x0000000008004a8c                CRS_IRQHandler
                0x0000000008004a8c                DMA1_Channel5_IRQHandler
                0x0000000008004a8c                EXTI4_IRQHandler
                0x0000000008004a8c                TIM1_TRG_COM_TIM17_IRQHandler
                0x0000000008004a8c                DMA1_Channel3_IRQHandler
                0x0000000008004a8c                COMP_IRQHandler
                0x0000000008004a8c                WWDG_IRQHandler
                0x0000000008004a8c                I2C4_EV_IRQHandler
                0x0000000008004a8c                LPUART1_IRQHandler
                0x0000000008004a8c                DMA2_Channel6_IRQHandler
                0x0000000008004a8c                TIM2_IRQHandler
                0x0000000008004a8c                DMA2D_IRQHandler
                0x0000000008004a8c                EXTI1_IRQHandler
                0x0000000008004a8c                AES_IRQHandler
                0x0000000008004a8c                USART2_IRQHandler
                0x0000000008004a8c                DFSDM1_FLT0_IRQHandler
                0x0000000008004a8c                I2C2_ER_IRQHandler
                0x0000000008004a8c                DMA1_Channel2_IRQHandler
                0x0000000008004a8c                TIM8_BRK_IRQHandler
                0x0000000008004a8c                CAN1_SCE_IRQHandler
                0x0000000008004a8c                FLASH_IRQHandler
                0x0000000008004a8c                USART1_IRQHandler
                0x0000000008004a8c                OTG_FS_IRQHandler
                0x0000000008004a8c                SPI3_IRQHandler
                0x0000000008004a8c                I2C1_ER_IRQHandler
                0x0000000008004a8c                FMC_IRQHandler
                0x0000000008004a8c                SWPMI1_IRQHandler
                0x0000000008004a8c                LPTIM1_IRQHandler
                0x0000000008004a8c                I2C4_ER_IRQHandler
                0x0000000008004a8c                SAI1_IRQHandler
                0x0000000008004a8c                DMA2_Channel3_IRQHandler
                0x0000000008004a8c                TIM1_BRK_TIM15_IRQHandler
 *fill*         0x0000000008004a8e        0x2 
 .text.__libc_init_array
                0x0000000008004a90       0x48 /opt/Atollic_TrueSTUDIO_for_STM32_x86_64_9.3.0/ARMTools/bin/../lib/gcc/arm-atollic-eabi/6.3.1/../../../../arm-atollic-eabi/lib/armv7e-m/fpu/libc_nano.a(lib_a-init.o)
                0x0000000008004a90                __libc_init_array
 .text.memset   0x0000000008004ad8       0x10 /opt/Atollic_TrueSTUDIO_for_STM32_x86_64_9.3.0/ARMTools/bin/../lib/gcc/arm-atollic-eabi/6.3.1/../../../../arm-atollic-eabi/lib/armv7e-m/fpu/libc_nano.a(lib_a-memset.o)
                0x0000000008004ad8                memset
 *(.glue_7)
 .glue_7        0x0000000008004ae8        0x0 linker stubs
 *(.glue_7t)
 .glue_7t       0x0000000008004ae8        0x0 linker stubs
 *(.eh_frame)
 .eh_frame      0x0000000008004ae8        0x0 /opt/Atollic_TrueSTUDIO_for_STM32_x86_64_9.3.0/ARMTools/bin/../lib/gcc/arm-atollic-eabi/6.3.1/armv7e-m/fpu/crtbegin.o
 *(.init)
 .init          0x0000000008004ae8        0x4 /opt/Atollic_TrueSTUDIO_for_STM32_x86_64_9.3.0/ARMTools/bin/../lib/gcc/arm-atollic-eabi/6.3.1/armv7e-m/fpu/crti.o
                0x0000000008004ae8                _init
 .init          0x0000000008004aec        0x8 /opt/Atollic_TrueSTUDIO_for_STM32_x86_64_9.3.0/ARMTools/bin/../lib/gcc/arm-atollic-eabi/6.3.1/armv7e-m/fpu/crtn.o
 *(.fini)
 .fini          0x0000000008004af4        0x4 /opt/Atollic_TrueSTUDIO_for_STM32_x86_64_9.3.0/ARMTools/bin/../lib/gcc/arm-atollic-eabi/6.3.1/armv7e-m/fpu/crti.o
                0x0000000008004af4                _fini
 .fini          0x0000000008004af8        0x8 /opt/Atollic_TrueSTUDIO_for_STM32_x86_64_9.3.0/ARMTools/bin/../lib/gcc/arm-atollic-eabi/6.3.1/armv7e-m/fpu/crtn.o
                0x0000000008004b00                . = ALIGN (0x4)
                0x0000000008004b00                _etext = .

.vfp11_veneer   0x0000000008004b00        0x0
 .vfp11_veneer  0x0000000008004b00        0x0 linker stubs

.v4_bx          0x0000000008004b00        0x0
 .v4_bx         0x0000000008004b00        0x0 linker stubs

.iplt           0x0000000008004b00        0x0
 .iplt          0x0000000008004b00        0x0 /opt/Atollic_TrueSTUDIO_for_STM32_x86_64_9.3.0/ARMTools/bin/../lib/gcc/arm-atollic-eabi/6.3.1/armv7e-m/fpu/crtbegin.o

.rodata         0x0000000008004b00       0x74
                0x0000000008004b00                . = ALIGN (0x4)
 *(.rodata)
 .rodata        0x0000000008004b00        0x5 Middlewares/Third_Party/FreeRTOS/Source/tasks.o
 *fill*         0x0000000008004b05        0x3 
 .rodata        0x0000000008004b08       0x24 Src/freertos.o
 *(.rodata*)
 .rodata.AHBPrescTable
                0x0000000008004b2c       0x10 Src/system_stm32l4xx.o
                0x0000000008004b2c                AHBPrescTable
 .rodata.APBPrescTable
                0x0000000008004b3c        0x8 Src/system_stm32l4xx.o
                0x0000000008004b3c                APBPrescTable
 .rodata.MSIRangeTable
                0x0000000008004b44       0x30 Src/system_stm32l4xx.o
                0x0000000008004b44                MSIRangeTable
                0x0000000008004b74                . = ALIGN (0x4)

.ARM.extab
 *(.ARM.extab* .gnu.linkonce.armextab.*)

.ARM            0x0000000008004b74        0x8
                0x0000000008004b74                __exidx_start = .
 *(.ARM.exidx*)
 .ARM.exidx     0x0000000008004b74        0x8 /opt/Atollic_TrueSTUDIO_for_STM32_x86_64_9.3.0/ARMTools/bin/../lib/gcc/arm-atollic-eabi/6.3.1/armv7e-m/fpu/libgcc.a(_udivmoddi4.o)
                0x0000000008004b7c                __exidx_end = .

.rel.dyn        0x0000000008004b7c        0x0
 .rel.iplt      0x0000000008004b7c        0x0 /opt/Atollic_TrueSTUDIO_for_STM32_x86_64_9.3.0/ARMTools/bin/../lib/gcc/arm-atollic-eabi/6.3.1/armv7e-m/fpu/crtbegin.o

.preinit_array  0x0000000008004b7c        0x0
                0x0000000008004b7c                PROVIDE (__preinit_array_start, .)
 *(.preinit_array*)
                0x0000000008004b7c                PROVIDE (__preinit_array_end, .)

.init_array     0x0000000008004b7c        0x4
                0x0000000008004b7c                PROVIDE (__init_array_start, .)
 *(SORT(.init_array.*))
 *(.init_array*)
 .init_array    0x0000000008004b7c        0x4 /opt/Atollic_TrueSTUDIO_for_STM32_x86_64_9.3.0/ARMTools/bin/../lib/gcc/arm-atollic-eabi/6.3.1/armv7e-m/fpu/crtbegin.o
                0x0000000008004b80                PROVIDE (__init_array_end, .)

.fini_array     0x0000000008004b80        0x4
                [!provide]                        PROVIDE (__fini_array_start, .)
 *(SORT(.fini_array.*))
 *(.fini_array*)
 .fini_array    0x0000000008004b80        0x4 /opt/Atollic_TrueSTUDIO_for_STM32_x86_64_9.3.0/ARMTools/bin/../lib/gcc/arm-atollic-eabi/6.3.1/armv7e-m/fpu/crtbegin.o
                [!provide]                        PROVIDE (__fini_array_end, .)
                0x0000000008004b84                _sidata = LOADADDR (.data)

.data           0x0000000020000000       0x10 load address 0x0000000008004b84
                0x0000000020000000                . = ALIGN (0x4)
                0x0000000020000000                _sdata = .
 *(.data)
 *(.data*)
 .data.uwTickPrio
                0x0000000020000000        0x4 Drivers/STM32L4xx_HAL_Driver/Src/stm32l4xx_hal.o
                0x0000000020000000                uwTickPrio
 .data.uwTickFreq
                0x0000000020000004        0x4 Drivers/STM32L4xx_HAL_Driver/Src/stm32l4xx_hal.o
                0x0000000020000004                uwTickFreq
 .data.uxCriticalNesting
                0x0000000020000008        0x4 Middlewares/Third_Party/FreeRTOS/Source/portable/GCC/ARM_CM4F/port.o
 .data.SystemCoreClock
                0x000000002000000c        0x4 Src/system_stm32l4xx.o
                0x000000002000000c                SystemCoreClock
                0x0000000020000010                . = ALIGN (0x4)
                0x0000000020000010                _edata = .

.igot.plt       0x0000000020000010        0x0 load address 0x0000000008004b94
 .igot.plt      0x0000000020000010        0x0 /opt/Atollic_TrueSTUDIO_for_STM32_x86_64_9.3.0/ARMTools/bin/../lib/gcc/arm-atollic-eabi/6.3.1/armv7e-m/fpu/crtbegin.o
                0x0000000020000010                . = ALIGN (0x4)

.bss            0x0000000020000010      0xe98 load address 0x0000000008004b94
                0x0000000020000010                _sbss = .
                0x0000000020000010                __bss_start__ = _sbss
 *(.bss)
 .bss           0x0000000020000010       0x1c /opt/Atollic_TrueSTUDIO_for_STM32_x86_64_9.3.0/ARMTools/bin/../lib/gcc/arm-atollic-eabi/6.3.1/armv7e-m/fpu/crtbegin.o
 *(.bss*)
 .bss.ucMaxSysCallPriority
                0x000000002000002c        0x1 Middlewares/Third_Party/FreeRTOS/Source/portable/GCC/ARM_CM4F/port.o
 *fill*         0x000000002000002d        0x3 
 .bss.ulMaxPRIGROUPValue
                0x0000000020000030        0x4 Middlewares/Third_Party/FreeRTOS/Source/portable/GCC/ARM_CM4F/port.o
 .bss.ucHeap    0x0000000020000034      0xbb8 Middlewares/Third_Party/FreeRTOS/Source/portable/MemMang/heap_4.o
 .bss.xStart    0x0000000020000bec        0x8 Middlewares/Third_Party/FreeRTOS/Source/portable/MemMang/heap_4.o
 .bss.pxEnd     0x0000000020000bf4        0x4 Middlewares/Third_Party/FreeRTOS/Source/portable/MemMang/heap_4.o
 .bss.xFreeBytesRemaining
                0x0000000020000bf8        0x4 Middlewares/Third_Party/FreeRTOS/Source/portable/MemMang/heap_4.o
 .bss.xMinimumEverFreeBytesRemaining
                0x0000000020000bfc        0x4 Middlewares/Third_Party/FreeRTOS/Source/portable/MemMang/heap_4.o
 .bss.xBlockAllocatedBit
                0x0000000020000c00        0x4 Middlewares/Third_Party/FreeRTOS/Source/portable/MemMang/heap_4.o
 .bss.pxCurrentTCB
                0x0000000020000c04        0x4 Middlewares/Third_Party/FreeRTOS/Source/tasks.o
                0x0000000020000c04                pxCurrentTCB
 .bss.pxReadyTasksLists
                0x0000000020000c08       0x8c Middlewares/Third_Party/FreeRTOS/Source/tasks.o
 .bss.xDelayedTaskList1
                0x0000000020000c94       0x14 Middlewares/Third_Party/FreeRTOS/Source/tasks.o
 .bss.xDelayedTaskList2
                0x0000000020000ca8       0x14 Middlewares/Third_Party/FreeRTOS/Source/tasks.o
 .bss.pxDelayedTaskList
                0x0000000020000cbc        0x4 Middlewares/Third_Party/FreeRTOS/Source/tasks.o
 .bss.pxOverflowDelayedTaskList
                0x0000000020000cc0        0x4 Middlewares/Third_Party/FreeRTOS/Source/tasks.o
 .bss.xPendingReadyList
                0x0000000020000cc4       0x14 Middlewares/Third_Party/FreeRTOS/Source/tasks.o
 .bss.xTasksWaitingTermination
                0x0000000020000cd8       0x14 Middlewares/Third_Party/FreeRTOS/Source/tasks.o
 .bss.uxDeletedTasksWaitingCleanUp
                0x0000000020000cec        0x4 Middlewares/Third_Party/FreeRTOS/Source/tasks.o
 .bss.xSuspendedTaskList
                0x0000000020000cf0       0x14 Middlewares/Third_Party/FreeRTOS/Source/tasks.o
 .bss.uxCurrentNumberOfTasks
                0x0000000020000d04        0x4 Middlewares/Third_Party/FreeRTOS/Source/tasks.o
 .bss.xTickCount
                0x0000000020000d08        0x4 Middlewares/Third_Party/FreeRTOS/Source/tasks.o
 .bss.uxTopReadyPriority
                0x0000000020000d0c        0x4 Middlewares/Third_Party/FreeRTOS/Source/tasks.o
 .bss.xSchedulerRunning
                0x0000000020000d10        0x4 Middlewares/Third_Party/FreeRTOS/Source/tasks.o
 .bss.uxPendedTicks
                0x0000000020000d14        0x4 Middlewares/Third_Party/FreeRTOS/Source/tasks.o
 .bss.xYieldPending
                0x0000000020000d18        0x4 Middlewares/Third_Party/FreeRTOS/Source/tasks.o
 .bss.xNumOfOverflows
                0x0000000020000d1c        0x4 Middlewares/Third_Party/FreeRTOS/Source/tasks.o
 .bss.uxTaskNumber
                0x0000000020000d20        0x4 Middlewares/Third_Party/FreeRTOS/Source/tasks.o
 .bss.xNextTaskUnblockTime
                0x0000000020000d24        0x4 Middlewares/Third_Party/FreeRTOS/Source/tasks.o
 .bss.xIdleTaskHandle
                0x0000000020000d28        0x4 Middlewares/Third_Party/FreeRTOS/Source/tasks.o
 .bss.uxSchedulerSuspended
                0x0000000020000d2c        0x4 Middlewares/Third_Party/FreeRTOS/Source/tasks.o
 *(COMMON)
 COMMON         0x0000000020000d30        0x4 Drivers/STM32L4xx_HAL_Driver/Src/stm32l4xx_hal.o
                0x0000000020000d30                uwTick
 COMMON         0x0000000020000d34       0x24 Src/crc.o
                0x0000000020000d34                hcrc
 COMMON         0x0000000020000d58        0x8 Src/freertos.o
                0x0000000020000d58                defaultTaskHandle
                0x0000000020000d5c                switchStateTaskHandle
 COMMON         0x0000000020000d60       0xc8 Src/spi.o
                0x0000000020000d60                hspi2
                0x0000000020000dc4                hspi1
 COMMON         0x0000000020000e28       0x80 Src/usart.o
                0x0000000020000e28                huart2
                0x0000000020000ea8                . = ALIGN (0x4)
                0x0000000020000ea8                _ebss = .
                0x0000000020000ea8                __bss_end__ = _ebss

._user_heap_stack
                0x0000000020000ea8      0x600 load address 0x0000000008004b94
                0x0000000020000ea8                . = ALIGN (0x4)
                0x0000000020000ea8                PROVIDE (end, .)
                [!provide]                        PROVIDE (_end, .)
                0x00000000200010a8                . = (. + _Min_Heap_Size)
 *fill*         0x0000000020000ea8      0x200 
                0x00000000200014a8                . = (. + _Min_Stack_Size)
 *fill*         0x00000000200010a8      0x400 
                0x00000000200014a8                . = ALIGN (0x4)

/DISCARD/
 libc.a(*)
 libm.a(*)
 libgcc.a(*)

.ARM.attributes
                0x0000000000000000       0x30
 *(.ARM.attributes)
 .ARM.attributes
                0x0000000000000000       0x22 /opt/Atollic_TrueSTUDIO_for_STM32_x86_64_9.3.0/ARMTools/bin/../lib/gcc/arm-atollic-eabi/6.3.1/armv7e-m/fpu/crti.o
 .ARM.attributes
                0x0000000000000022       0x34 /opt/Atollic_TrueSTUDIO_for_STM32_x86_64_9.3.0/ARMTools/bin/../lib/gcc/arm-atollic-eabi/6.3.1/armv7e-m/fpu/crtbegin.o
 .ARM.attributes
                0x0000000000000056       0x39 Drivers/STM32L4xx_HAL_Driver/Src/stm32l4xx_hal.o
 .ARM.attributes
                0x000000000000008f       0x39 Drivers/STM32L4xx_HAL_Driver/Src/stm32l4xx_hal_cortex.o
 .ARM.attributes
                0x00000000000000c8       0x39 Drivers/STM32L4xx_HAL_Driver/Src/stm32l4xx_hal_crc.o
 .ARM.attributes
                0x0000000000000101       0x39 Drivers/STM32L4xx_HAL_Driver/Src/stm32l4xx_hal_crc_ex.o
 .ARM.attributes
                0x000000000000013a       0x39 Drivers/STM32L4xx_HAL_Driver/Src/stm32l4xx_hal_gpio.o
 .ARM.attributes
                0x0000000000000173       0x39 Drivers/STM32L4xx_HAL_Driver/Src/stm32l4xx_hal_pwr_ex.o
 .ARM.attributes
                0x00000000000001ac       0x39 Drivers/STM32L4xx_HAL_Driver/Src/stm32l4xx_hal_rcc.o
 .ARM.attributes
                0x00000000000001e5       0x39 Drivers/STM32L4xx_HAL_Driver/Src/stm32l4xx_hal_rcc_ex.o
 .ARM.attributes
                0x000000000000021e       0x39 Drivers/STM32L4xx_HAL_Driver/Src/stm32l4xx_hal_spi.o
 .ARM.attributes
                0x0000000000000257       0x39 Drivers/STM32L4xx_HAL_Driver/Src/stm32l4xx_hal_uart.o
 .ARM.attributes
                0x0000000000000290       0x39 Middlewares/Third_Party/FreeRTOS/Source/CMSIS_RTOS/cmsis_os.o
 .ARM.attributes
                0x00000000000002c9       0x39 Middlewares/Third_Party/FreeRTOS/Source/list.o
 .ARM.attributes
                0x0000000000000302       0x39 Middlewares/Third_Party/FreeRTOS/Source/portable/GCC/ARM_CM4F/port.o
 .ARM.attributes
                0x000000000000033b       0x39 Middlewares/Third_Party/FreeRTOS/Source/portable/MemMang/heap_4.o
 .ARM.attributes
                0x0000000000000374       0x39 Middlewares/Third_Party/FreeRTOS/Source/tasks.o
 .ARM.attributes
                0x00000000000003ad       0x39 Src/crc.o
 .ARM.attributes
                0x00000000000003e6       0x39 Src/freertos.o
 .ARM.attributes
                0x000000000000041f       0x39 Src/gpio.o
 .ARM.attributes
                0x0000000000000458       0x39 Src/main.o
 .ARM.attributes
                0x0000000000000491       0x39 Src/serializer.o
 .ARM.attributes
                0x00000000000004ca       0x39 Src/spi.o
 .ARM.attributes
                0x0000000000000503       0x39 Src/stm32l4xx_hal_msp.o
 .ARM.attributes
                0x000000000000053c       0x39 Src/stm32l4xx_it.o
 .ARM.attributes
                0x0000000000000575       0x39 Src/switchStates.o
 .ARM.attributes
                0x00000000000005ae       0x39 Src/system_stm32l4xx.o
 .ARM.attributes
                0x00000000000005e7       0x39 Src/usart.o
 .ARM.attributes
                0x0000000000000620       0x21 startup/startup_stm32l4a6xx.o
 .ARM.attributes
                0x0000000000000641       0x34 /opt/Atollic_TrueSTUDIO_for_STM32_x86_64_9.3.0/ARMTools/bin/../lib/gcc/arm-atollic-eabi/6.3.1/../../../../arm-atollic-eabi/lib/armv7e-m/fpu/libc_nano.a(lib_a-init.o)
 .ARM.attributes
                0x0000000000000675       0x34 /opt/Atollic_TrueSTUDIO_for_STM32_x86_64_9.3.0/ARMTools/bin/../lib/gcc/arm-atollic-eabi/6.3.1/../../../../arm-atollic-eabi/lib/armv7e-m/fpu/libc_nano.a(lib_a-memset.o)
 .ARM.attributes
                0x00000000000006a9       0x22 /opt/Atollic_TrueSTUDIO_for_STM32_x86_64_9.3.0/ARMTools/bin/../lib/gcc/arm-atollic-eabi/6.3.1/armv7e-m/fpu/libgcc.a(_aeabi_uldivmod.o)
 .ARM.attributes
                0x00000000000006cb       0x34 /opt/Atollic_TrueSTUDIO_for_STM32_x86_64_9.3.0/ARMTools/bin/../lib/gcc/arm-atollic-eabi/6.3.1/armv7e-m/fpu/libgcc.a(_udivmoddi4.o)
 .ARM.attributes
                0x00000000000006ff       0x22 /opt/Atollic_TrueSTUDIO_for_STM32_x86_64_9.3.0/ARMTools/bin/../lib/gcc/arm-atollic-eabi/6.3.1/armv7e-m/fpu/libgcc.a(_dvmd_tls.o)
 .ARM.attributes
                0x0000000000000721       0x22 /opt/Atollic_TrueSTUDIO_for_STM32_x86_64_9.3.0/ARMTools/bin/../lib/gcc/arm-atollic-eabi/6.3.1/armv7e-m/fpu/crtn.o
OUTPUT(GenX_SidePanel.elf elf32-littlearm)

.debug_info     0x0000000000000000    0x14feb
 .debug_info    0x0000000000000000      0xc41 Drivers/STM32L4xx_HAL_Driver/Src/stm32l4xx_hal.o
 .debug_info    0x0000000000000c41      0xf76 Drivers/STM32L4xx_HAL_Driver/Src/stm32l4xx_hal_cortex.o
 .debug_info    0x0000000000001bb7      0x6c3 Drivers/STM32L4xx_HAL_Driver/Src/stm32l4xx_hal_crc.o
 .debug_info    0x000000000000227a      0x50d Drivers/STM32L4xx_HAL_Driver/Src/stm32l4xx_hal_crc_ex.o
 .debug_info    0x0000000000002787      0x99a Drivers/STM32L4xx_HAL_Driver/Src/stm32l4xx_hal_gpio.o
 .debug_info    0x0000000000003121      0xaf3 Drivers/STM32L4xx_HAL_Driver/Src/stm32l4xx_hal_pwr_ex.o
 .debug_info    0x0000000000003c14      0xd23 Drivers/STM32L4xx_HAL_Driver/Src/stm32l4xx_hal_rcc.o
 .debug_info    0x0000000000004937     0x1199 Drivers/STM32L4xx_HAL_Driver/Src/stm32l4xx_hal_rcc_ex.o
 .debug_info    0x0000000000005ad0     0x16fe Drivers/STM32L4xx_HAL_Driver/Src/stm32l4xx_hal_spi.o
 .debug_info    0x00000000000071ce     0x178c Drivers/STM32L4xx_HAL_Driver/Src/stm32l4xx_hal_uart.o
 .debug_info    0x000000000000895a     0x1ae3 Middlewares/Third_Party/FreeRTOS/Source/CMSIS_RTOS/cmsis_os.o
 .debug_info    0x000000000000a43d      0xac8 Middlewares/Third_Party/FreeRTOS/Source/list.o
 .debug_info    0x000000000000af05      0x536 Middlewares/Third_Party/FreeRTOS/Source/portable/GCC/ARM_CM4F/port.o
 .debug_info    0x000000000000b43b      0xbed Middlewares/Third_Party/FreeRTOS/Source/portable/MemMang/heap_4.o
 .debug_info    0x000000000000c028     0x218f Middlewares/Third_Party/FreeRTOS/Source/tasks.o
 .debug_info    0x000000000000e1b7      0x6e0 Src/crc.o
 .debug_info    0x000000000000e897      0xc12 Src/freertos.o
 .debug_info    0x000000000000f4a9      0x61f Src/gpio.o
 .debug_info    0x000000000000fac8      0xf73 Src/main.o
 .debug_info    0x0000000000010a3b     0x118d Src/serializer.o
 .debug_info    0x0000000000011bc8      0xb50 Src/spi.o
 .debug_info    0x0000000000012718      0x747 Src/stm32l4xx_hal_msp.o
 .debug_info    0x0000000000012e5f      0x2fd Src/stm32l4xx_it.o
 .debug_info    0x000000000001315c      0xb78 Src/switchStates.o
 .debug_info    0x0000000000013cd4      0x70f Src/system_stm32l4xx.o
 .debug_info    0x00000000000143e3      0xb85 Src/usart.o
 .debug_info    0x0000000000014f68       0x83 startup/startup_stm32l4a6xx.o

.debug_abbrev   0x0000000000000000     0x314c
 .debug_abbrev  0x0000000000000000      0x1f6 Drivers/STM32L4xx_HAL_Driver/Src/stm32l4xx_hal.o
 .debug_abbrev  0x00000000000001f6      0x2f5 Drivers/STM32L4xx_HAL_Driver/Src/stm32l4xx_hal_cortex.o
 .debug_abbrev  0x00000000000004eb      0x1cc Drivers/STM32L4xx_HAL_Driver/Src/stm32l4xx_hal_crc.o
 .debug_abbrev  0x00000000000006b7      0x160 Drivers/STM32L4xx_HAL_Driver/Src/stm32l4xx_hal_crc_ex.o
 .debug_abbrev  0x0000000000000817      0x1bb Drivers/STM32L4xx_HAL_Driver/Src/stm32l4xx_hal_gpio.o
 .debug_abbrev  0x00000000000009d2      0x1c6 Drivers/STM32L4xx_HAL_Driver/Src/stm32l4xx_hal_pwr_ex.o
 .debug_abbrev  0x0000000000000b98      0x240 Drivers/STM32L4xx_HAL_Driver/Src/stm32l4xx_hal_rcc.o
 .debug_abbrev  0x0000000000000dd8      0x233 Drivers/STM32L4xx_HAL_Driver/Src/stm32l4xx_hal_rcc_ex.o
 .debug_abbrev  0x000000000000100b      0x223 Drivers/STM32L4xx_HAL_Driver/Src/stm32l4xx_hal_spi.o
 .debug_abbrev  0x000000000000122e      0x200 Drivers/STM32L4xx_HAL_Driver/Src/stm32l4xx_hal_uart.o
 .debug_abbrev  0x000000000000142e      0x374 Middlewares/Third_Party/FreeRTOS/Source/CMSIS_RTOS/cmsis_os.o
 .debug_abbrev  0x00000000000017a2      0x1cc Middlewares/Third_Party/FreeRTOS/Source/list.o
 .debug_abbrev  0x000000000000196e      0x20d Middlewares/Third_Party/FreeRTOS/Source/portable/GCC/ARM_CM4F/port.o
 .debug_abbrev  0x0000000000001b7b      0x29b Middlewares/Third_Party/FreeRTOS/Source/portable/MemMang/heap_4.o
 .debug_abbrev  0x0000000000001e16      0x333 Middlewares/Third_Party/FreeRTOS/Source/tasks.o
 .debug_abbrev  0x0000000000002149      0x154 Src/crc.o
 .debug_abbrev  0x000000000000229d      0x1f6 Src/freertos.o
 .debug_abbrev  0x0000000000002493      0x12f Src/gpio.o
 .debug_abbrev  0x00000000000025c2      0x17e Src/main.o
 .debug_abbrev  0x0000000000002740      0x1d5 Src/serializer.o
 .debug_abbrev  0x0000000000002915      0x194 Src/spi.o
 .debug_abbrev  0x0000000000002aa9      0x129 Src/stm32l4xx_hal_msp.o
 .debug_abbrev  0x0000000000002bd2       0xdd Src/stm32l4xx_it.o
 .debug_abbrev  0x0000000000002caf      0x1ac Src/switchStates.o
 .debug_abbrev  0x0000000000002e5b      0x14b Src/system_stm32l4xx.o
 .debug_abbrev  0x0000000000002fa6      0x194 Src/usart.o
 .debug_abbrev  0x000000000000313a       0x12 startup/startup_stm32l4a6xx.o

.debug_aranges  0x0000000000000000     0x1078
 .debug_aranges
                0x0000000000000000      0x130 Drivers/STM32L4xx_HAL_Driver/Src/stm32l4xx_hal.o
 .debug_aranges
                0x0000000000000130      0x118 Drivers/STM32L4xx_HAL_Driver/Src/stm32l4xx_hal_cortex.o
 .debug_aranges
                0x0000000000000248       0x60 Drivers/STM32L4xx_HAL_Driver/Src/stm32l4xx_hal_crc.o
 .debug_aranges
                0x00000000000002a8       0x30 Drivers/STM32L4xx_HAL_Driver/Src/stm32l4xx_hal_crc_ex.o
 .debug_aranges
                0x00000000000002d8       0x58 Drivers/STM32L4xx_HAL_Driver/Src/stm32l4xx_hal_gpio.o
 .debug_aranges
                0x0000000000000330      0x148 Drivers/STM32L4xx_HAL_Driver/Src/stm32l4xx_hal_pwr_ex.o
 .debug_aranges
                0x0000000000000478       0x88 Drivers/STM32L4xx_HAL_Driver/Src/stm32l4xx_hal_rcc.o
 .debug_aranges
                0x0000000000000500      0x108 Drivers/STM32L4xx_HAL_Driver/Src/stm32l4xx_hal_rcc_ex.o
 .debug_aranges
                0x0000000000000608      0x1d8 Drivers/STM32L4xx_HAL_Driver/Src/stm32l4xx_hal_spi.o
 .debug_aranges
                0x00000000000007e0      0x1f8 Drivers/STM32L4xx_HAL_Driver/Src/stm32l4xx_hal_uart.o
 .debug_aranges
                0x00000000000009d8      0x1d8 Middlewares/Third_Party/FreeRTOS/Source/CMSIS_RTOS/cmsis_os.o
 .debug_aranges
                0x0000000000000bb0       0x40 Middlewares/Third_Party/FreeRTOS/Source/list.o
 .debug_aranges
                0x0000000000000bf0       0x80 Middlewares/Third_Party/FreeRTOS/Source/portable/GCC/ARM_CM4F/port.o
 .debug_aranges
                0x0000000000000c70       0x50 Middlewares/Third_Party/FreeRTOS/Source/portable/MemMang/heap_4.o
 .debug_aranges
                0x0000000000000cc0      0x1a0 Middlewares/Third_Party/FreeRTOS/Source/tasks.o
 .debug_aranges
                0x0000000000000e60       0x30 Src/crc.o
 .debug_aranges
                0x0000000000000e90       0x28 Src/freertos.o
 .debug_aranges
                0x0000000000000eb8       0x20 Src/gpio.o
 .debug_aranges
                0x0000000000000ed8       0x30 Src/main.o
 .debug_aranges
                0x0000000000000f08       0x28 Src/serializer.o
 .debug_aranges
                0x0000000000000f30       0x38 Src/spi.o
 .debug_aranges
                0x0000000000000f68       0x20 Src/stm32l4xx_hal_msp.o
 .debug_aranges
                0x0000000000000f88       0x50 Src/stm32l4xx_it.o
 .debug_aranges
                0x0000000000000fd8       0x20 Src/switchStates.o
 .debug_aranges
                0x0000000000000ff8       0x28 Src/system_stm32l4xx.o
 .debug_aranges
                0x0000000000001020       0x30 Src/usart.o
 .debug_aranges
                0x0000000000001050       0x28 startup/startup_stm32l4a6xx.o

.debug_ranges   0x0000000000000000      0xed0
 .debug_ranges  0x0000000000000000      0x120 Drivers/STM32L4xx_HAL_Driver/Src/stm32l4xx_hal.o
 .debug_ranges  0x0000000000000120      0x108 Drivers/STM32L4xx_HAL_Driver/Src/stm32l4xx_hal_cortex.o
 .debug_ranges  0x0000000000000228       0x50 Drivers/STM32L4xx_HAL_Driver/Src/stm32l4xx_hal_crc.o
 .debug_ranges  0x0000000000000278       0x20 Drivers/STM32L4xx_HAL_Driver/Src/stm32l4xx_hal_crc_ex.o
 .debug_ranges  0x0000000000000298       0x48 Drivers/STM32L4xx_HAL_Driver/Src/stm32l4xx_hal_gpio.o
 .debug_ranges  0x00000000000002e0      0x138 Drivers/STM32L4xx_HAL_Driver/Src/stm32l4xx_hal_pwr_ex.o
 .debug_ranges  0x0000000000000418       0x78 Drivers/STM32L4xx_HAL_Driver/Src/stm32l4xx_hal_rcc.o
 .debug_ranges  0x0000000000000490       0xf8 Drivers/STM32L4xx_HAL_Driver/Src/stm32l4xx_hal_rcc_ex.o
 .debug_ranges  0x0000000000000588      0x1c8 Drivers/STM32L4xx_HAL_Driver/Src/stm32l4xx_hal_spi.o
 .debug_ranges  0x0000000000000750      0x1e8 Drivers/STM32L4xx_HAL_Driver/Src/stm32l4xx_hal_uart.o
 .debug_ranges  0x0000000000000938      0x1c8 Middlewares/Third_Party/FreeRTOS/Source/CMSIS_RTOS/cmsis_os.o
 .debug_ranges  0x0000000000000b00       0x30 Middlewares/Third_Party/FreeRTOS/Source/list.o
 .debug_ranges  0x0000000000000b30       0x70 Middlewares/Third_Party/FreeRTOS/Source/portable/GCC/ARM_CM4F/port.o
 .debug_ranges  0x0000000000000ba0       0x40 Middlewares/Third_Party/FreeRTOS/Source/portable/MemMang/heap_4.o
 .debug_ranges  0x0000000000000be0      0x190 Middlewares/Third_Party/FreeRTOS/Source/tasks.o
 .debug_ranges  0x0000000000000d70       0x20 Src/crc.o
 .debug_ranges  0x0000000000000d90       0x18 Src/freertos.o
 .debug_ranges  0x0000000000000da8       0x10 Src/gpio.o
 .debug_ranges  0x0000000000000db8       0x20 Src/main.o
 .debug_ranges  0x0000000000000dd8       0x18 Src/serializer.o
 .debug_ranges  0x0000000000000df0       0x28 Src/spi.o
 .debug_ranges  0x0000000000000e18       0x10 Src/stm32l4xx_hal_msp.o
 .debug_ranges  0x0000000000000e28       0x40 Src/stm32l4xx_it.o
 .debug_ranges  0x0000000000000e68       0x10 Src/switchStates.o
 .debug_ranges  0x0000000000000e78       0x18 Src/system_stm32l4xx.o
 .debug_ranges  0x0000000000000e90       0x20 Src/usart.o
 .debug_ranges  0x0000000000000eb0       0x20 startup/startup_stm32l4a6xx.o

.debug_line     0x0000000000000000     0x8053
 .debug_line    0x0000000000000000      0x4ac Drivers/STM32L4xx_HAL_Driver/Src/stm32l4xx_hal.o
 .debug_line    0x00000000000004ac      0x56d Drivers/STM32L4xx_HAL_Driver/Src/stm32l4xx_hal_cortex.o
 .debug_line    0x0000000000000a19      0x376 Drivers/STM32L4xx_HAL_Driver/Src/stm32l4xx_hal_crc.o
 .debug_line    0x0000000000000d8f      0x289 Drivers/STM32L4xx_HAL_Driver/Src/stm32l4xx_hal_crc_ex.o
 .debug_line    0x0000000000001018      0x3f4 Drivers/STM32L4xx_HAL_Driver/Src/stm32l4xx_hal_gpio.o
 .debug_line    0x000000000000140c      0x5ce Drivers/STM32L4xx_HAL_Driver/Src/stm32l4xx_hal_pwr_ex.o
 .debug_line    0x00000000000019da      0x560 Drivers/STM32L4xx_HAL_Driver/Src/stm32l4xx_hal_rcc.o
 .debug_line    0x0000000000001f3a      0x929 Drivers/STM32L4xx_HAL_Driver/Src/stm32l4xx_hal_rcc_ex.o
 .debug_line    0x0000000000002863      0xcbf Drivers/STM32L4xx_HAL_Driver/Src/stm32l4xx_hal_spi.o
 .debug_line    0x0000000000003522      0xd63 Drivers/STM32L4xx_HAL_Driver/Src/stm32l4xx_hal_uart.o
 .debug_line    0x0000000000004285      0x8f9 Middlewares/Third_Party/FreeRTOS/Source/CMSIS_RTOS/cmsis_os.o
 .debug_line    0x0000000000004b7e      0x336 Middlewares/Third_Party/FreeRTOS/Source/list.o
 .debug_line    0x0000000000004eb4      0x3c4 Middlewares/Third_Party/FreeRTOS/Source/portable/GCC/ARM_CM4F/port.o
 .debug_line    0x0000000000005278      0x3d5 Middlewares/Third_Party/FreeRTOS/Source/portable/MemMang/heap_4.o
 .debug_line    0x000000000000564d      0xd79 Middlewares/Third_Party/FreeRTOS/Source/tasks.o
 .debug_line    0x00000000000063c6      0x241 Src/crc.o
 .debug_line    0x0000000000006607      0x33a Src/freertos.o
 .debug_line    0x0000000000006941      0x213 Src/gpio.o
 .debug_line    0x0000000000006b54      0x2ee Src/main.o
 .debug_line    0x0000000000006e42      0x311 Src/serializer.o
 .debug_line    0x0000000000007153      0x2b8 Src/spi.o
 .debug_line    0x000000000000740b      0x200 Src/stm32l4xx_hal_msp.o
 .debug_line    0x000000000000760b      0x25f Src/stm32l4xx_it.o
 .debug_line    0x000000000000786a      0x2a5 Src/switchStates.o
 .debug_line    0x0000000000007b0f      0x243 Src/system_stm32l4xx.o
 .debug_line    0x0000000000007d52      0x283 Src/usart.o
 .debug_line    0x0000000000007fd5       0x7e startup/startup_stm32l4a6xx.o

.debug_str      0x0000000000000000     0x57f3
 .debug_str     0x0000000000000000      0xe4f Drivers/STM32L4xx_HAL_Driver/Src/stm32l4xx_hal.o
                                        0xede (size before relaxing)
 .debug_str     0x0000000000000e4f      0x4dd Drivers/STM32L4xx_HAL_Driver/Src/stm32l4xx_hal_cortex.o
                                        0xebb (size before relaxing)
 .debug_str     0x000000000000132c      0x238 Drivers/STM32L4xx_HAL_Driver/Src/stm32l4xx_hal_crc.o
                                        0x681 (size before relaxing)
 .debug_str     0x0000000000001564       0xbd Drivers/STM32L4xx_HAL_Driver/Src/stm32l4xx_hal_crc_ex.o
                                        0x654 (size before relaxing)
 .debug_str     0x0000000000001621      0x1ca Drivers/STM32L4xx_HAL_Driver/Src/stm32l4xx_hal_gpio.o
                                        0x791 (size before relaxing)
 .debug_str     0x00000000000017eb      0x525 Drivers/STM32L4xx_HAL_Driver/Src/stm32l4xx_hal_pwr_ex.o
                                        0xa00 (size before relaxing)
 .debug_str     0x0000000000001d10      0x3c3 Drivers/STM32L4xx_HAL_Driver/Src/stm32l4xx_hal_rcc.o
                                        0xa3e (size before relaxing)
 .debug_str     0x00000000000020d3      0x750 Drivers/STM32L4xx_HAL_Driver/Src/stm32l4xx_hal_rcc_ex.o
                                        0xe97 (size before relaxing)
 .debug_str     0x0000000000002823      0x8a3 Drivers/STM32L4xx_HAL_Driver/Src/stm32l4xx_hal_spi.o
                                        0xd64 (size before relaxing)
 .debug_str     0x00000000000030c6      0x826 Drivers/STM32L4xx_HAL_Driver/Src/stm32l4xx_hal_uart.o
                                       0x1022 (size before relaxing)
 .debug_str     0x00000000000038ec      0xc8b Middlewares/Third_Party/FreeRTOS/Source/CMSIS_RTOS/cmsis_os.o
                                        0xf84 (size before relaxing)
 .debug_str     0x0000000000004577      0x159 Middlewares/Third_Party/FreeRTOS/Source/list.o
                                        0x75e (size before relaxing)
 .debug_str     0x00000000000046d0      0x24c Middlewares/Third_Party/FreeRTOS/Source/portable/GCC/ARM_CM4F/port.o
                                        0x482 (size before relaxing)
 .debug_str     0x000000000000491c      0x1ff Middlewares/Third_Party/FreeRTOS/Source/portable/MemMang/heap_4.o
                                        0x828 (size before relaxing)
 .debug_str     0x0000000000004b1b      0xa20 Middlewares/Third_Party/FreeRTOS/Source/tasks.o
                                       0x1208 (size before relaxing)
 .debug_str     0x000000000000553b       0x23 Src/crc.o
                                        0x702 (size before relaxing)
 .debug_str     0x000000000000555e       0x92 Src/freertos.o
                                        0x98c (size before relaxing)
 .debug_str     0x00000000000055f0       0x1b Src/gpio.o
                                        0x5c8 (size before relaxing)
 .debug_str     0x000000000000560b       0x47 Src/main.o
                                        0xec9 (size before relaxing)
 .debug_str     0x0000000000005652       0x3b Src/serializer.o
                                        0xd56 (size before relaxing)
 .debug_str     0x000000000000568d       0x31 Src/spi.o
                                        0x9be (size before relaxing)
 .debug_str     0x00000000000056be       0x1b Src/stm32l4xx_hal_msp.o
                                        0xab1 (size before relaxing)
 .debug_str     0x00000000000056d9       0x8b Src/stm32l4xx_it.o
                                        0x45f (size before relaxing)
 .debug_str     0x0000000000005764       0x26 Src/switchStates.o
                                        0x869 (size before relaxing)
 .debug_str     0x000000000000578a       0x3b Src/system_stm32l4xx.o
                                        0x5de (size before relaxing)
 .debug_str     0x00000000000057c5       0x2e Src/usart.o
                                        0x9ab (size before relaxing)

.comment        0x0000000000000000       0x7c
 .comment       0x0000000000000000       0x7c Drivers/STM32L4xx_HAL_Driver/Src/stm32l4xx_hal.o
                                         0x7d (size before relaxing)
 .comment       0x000000000000007c       0x7d Drivers/STM32L4xx_HAL_Driver/Src/stm32l4xx_hal_cortex.o
 .comment       0x000000000000007c       0x7d Drivers/STM32L4xx_HAL_Driver/Src/stm32l4xx_hal_crc.o
 .comment       0x000000000000007c       0x7d Drivers/STM32L4xx_HAL_Driver/Src/stm32l4xx_hal_crc_ex.o
 .comment       0x000000000000007c       0x7d Drivers/STM32L4xx_HAL_Driver/Src/stm32l4xx_hal_gpio.o
 .comment       0x000000000000007c       0x7d Drivers/STM32L4xx_HAL_Driver/Src/stm32l4xx_hal_pwr_ex.o
 .comment       0x000000000000007c       0x7d Drivers/STM32L4xx_HAL_Driver/Src/stm32l4xx_hal_rcc.o
 .comment       0x000000000000007c       0x7d Drivers/STM32L4xx_HAL_Driver/Src/stm32l4xx_hal_rcc_ex.o
 .comment       0x000000000000007c       0x7d Drivers/STM32L4xx_HAL_Driver/Src/stm32l4xx_hal_spi.o
 .comment       0x000000000000007c       0x7d Drivers/STM32L4xx_HAL_Driver/Src/stm32l4xx_hal_uart.o
 .comment       0x000000000000007c       0x7d Middlewares/Third_Party/FreeRTOS/Source/CMSIS_RTOS/cmsis_os.o
 .comment       0x000000000000007c       0x7d Middlewares/Third_Party/FreeRTOS/Source/list.o
 .comment       0x000000000000007c       0x7d Middlewares/Third_Party/FreeRTOS/Source/portable/GCC/ARM_CM4F/port.o
 .comment       0x000000000000007c       0x7d Middlewares/Third_Party/FreeRTOS/Source/portable/MemMang/heap_4.o
 .comment       0x000000000000007c       0x7d Middlewares/Third_Party/FreeRTOS/Source/tasks.o
 .comment       0x000000000000007c       0x7d Src/crc.o
 .comment       0x000000000000007c       0x7d Src/freertos.o
 .comment       0x000000000000007c       0x7d Src/gpio.o
 .comment       0x000000000000007c       0x7d Src/main.o
 .comment       0x000000000000007c       0x7d Src/serializer.o
 .comment       0x000000000000007c       0x7d Src/spi.o
 .comment       0x000000000000007c       0x7d Src/stm32l4xx_hal_msp.o
 .comment       0x000000000000007c       0x7d Src/stm32l4xx_it.o
 .comment       0x000000000000007c       0x7d Src/switchStates.o
 .comment       0x000000000000007c       0x7d Src/system_stm32l4xx.o
 .comment       0x000000000000007c       0x7d Src/usart.o

.debug_frame    0x0000000000000000     0x40c8
 .debug_frame   0x0000000000000000      0x498 Drivers/STM32L4xx_HAL_Driver/Src/stm32l4xx_hal.o
 .debug_frame   0x0000000000000498      0x498 Drivers/STM32L4xx_HAL_Driver/Src/stm32l4xx_hal_cortex.o
 .debug_frame   0x0000000000000930      0x168 Drivers/STM32L4xx_HAL_Driver/Src/stm32l4xx_hal_crc.o
 .debug_frame   0x0000000000000a98       0x88 Drivers/STM32L4xx_HAL_Driver/Src/stm32l4xx_hal_crc_ex.o
 .debug_frame   0x0000000000000b20      0x14c Drivers/STM32L4xx_HAL_Driver/Src/stm32l4xx_hal_gpio.o
 .debug_frame   0x0000000000000c6c      0x524 Drivers/STM32L4xx_HAL_Driver/Src/stm32l4xx_hal_pwr_ex.o
 .debug_frame   0x0000000000001190      0x1f4 Drivers/STM32L4xx_HAL_Driver/Src/stm32l4xx_hal_rcc.o
 .debug_frame   0x0000000000001384      0x43c Drivers/STM32L4xx_HAL_Driver/Src/stm32l4xx_hal_rcc_ex.o
 .debug_frame   0x00000000000017c0      0x860 Drivers/STM32L4xx_HAL_Driver/Src/stm32l4xx_hal_spi.o
 .debug_frame   0x0000000000002020      0x900 Drivers/STM32L4xx_HAL_Driver/Src/stm32l4xx_hal_uart.o
 .debug_frame   0x0000000000002920      0x808 Middlewares/Third_Party/FreeRTOS/Source/CMSIS_RTOS/cmsis_os.o
 .debug_frame   0x0000000000003128       0xd8 Middlewares/Third_Party/FreeRTOS/Source/list.o
 .debug_frame   0x0000000000003200      0x1a8 Middlewares/Third_Party/FreeRTOS/Source/portable/GCC/ARM_CM4F/port.o
 .debug_frame   0x00000000000033a8      0x108 Middlewares/Third_Party/FreeRTOS/Source/portable/MemMang/heap_4.o
 .debug_frame   0x00000000000034b0      0x704 Middlewares/Third_Party/FreeRTOS/Source/tasks.o
 .debug_frame   0x0000000000003bb4       0x7c Src/crc.o
 .debug_frame   0x0000000000003c30       0x58 Src/freertos.o
 .debug_frame   0x0000000000003c88       0x34 Src/gpio.o
 .debug_frame   0x0000000000003cbc       0x74 Src/main.o
 .debug_frame   0x0000000000003d30       0x5c Src/serializer.o
 .debug_frame   0x0000000000003d8c       0x90 Src/spi.o
 .debug_frame   0x0000000000003e1c       0x34 Src/stm32l4xx_hal_msp.o
 .debug_frame   0x0000000000003e50       0xcc Src/stm32l4xx_it.o
 .debug_frame   0x0000000000003f1c       0x34 Src/switchStates.o
 .debug_frame   0x0000000000003f50       0x58 Src/system_stm32l4xx.o
 .debug_frame   0x0000000000003fa8       0x74 Src/usart.o
 .debug_frame   0x000000000000401c       0x2c /opt/Atollic_TrueSTUDIO_for_STM32_x86_64_9.3.0/ARMTools/bin/../lib/gcc/arm-atollic-eabi/6.3.1/../../../../arm-atollic-eabi/lib/armv7e-m/fpu/libc_nano.a(lib_a-init.o)
 .debug_frame   0x0000000000004048       0x20 /opt/Atollic_TrueSTUDIO_for_STM32_x86_64_9.3.0/ARMTools/bin/../lib/gcc/arm-atollic-eabi/6.3.1/../../../../arm-atollic-eabi/lib/armv7e-m/fpu/libc_nano.a(lib_a-memset.o)
 .debug_frame   0x0000000000004068       0x2c /opt/Atollic_TrueSTUDIO_for_STM32_x86_64_9.3.0/ARMTools/bin/../lib/gcc/arm-atollic-eabi/6.3.1/armv7e-m/fpu/libgcc.a(_aeabi_uldivmod.o)
 .debug_frame   0x0000000000004094       0x34 /opt/Atollic_TrueSTUDIO_for_STM32_x86_64_9.3.0/ARMTools/bin/../lib/gcc/arm-atollic-eabi/6.3.1/armv7e-m/fpu/libgcc.a(_udivmoddi4.o)
